################################################################################
#                                                                              #
#      IAR Universal Linker V6.6.2.104                                         #
#                                                                              #
#           Link time     =  20/May/2024  16:36:06                             #
#           Target CPU    =  MSP430                                            #
#           List file     =  "C:\Users\Sickr\OneDrive\Desktop\NCSU\ECE 306\Pro #
#                            ject 10\Debug\List\Project 10.map"                #
#           Output file 1 =  "C:\Users\Sickr\OneDrive\Desktop\NCSU\ECE 306\Pro #
#                            ject 10\Debug\Exe\Project 10.d43"                 #
#                            Format: ubrof10                                   #
#                            UBROF version 10.0.6                              #
#                            Using library modules for C-SPY (-rt)             #
#           Command line  =  -f C:\Users\Sickr\AppData\Local\Temp\EW948C.tmp   #
#                            ("C:\Users\Sickr\OneDrive\Desktop\NCSU\ECE 306\Pr #
#                            oject 10\Debug\Obj\clocks.r43"                    #
#                            "C:\Users\Sickr\OneDrive\Desktop\NCSU\ECE 306\Pro #
#                            ject 10\Debug\Obj\display.r43"                    #
#                            "C:\Users\Sickr\OneDrive\Desktop\NCSU\ECE 306\Pro #
#                            ject 10\Debug\Obj\init.r43"                       #
#                            "C:\Users\Sickr\OneDrive\Desktop\NCSU\ECE 306\Pro #
#                            ject 10\Debug\Obj\interrupts.r43"                 #
#                            "C:\Users\Sickr\OneDrive\Desktop\NCSU\ECE 306\Pro #
#                            ject 10\Compiled\LCD.r43"                         #
#                            "C:\Users\Sickr\OneDrive\Desktop\NCSU\ECE 306\Pro #
#                            ject 10\Debug\Obj\main.r43"                       #
#                            "C:\Users\Sickr\OneDrive\Desktop\NCSU\ECE 306\Pro #
#                            ject 10\Debug\Obj\ports.r43"                      #
#                            "C:\Users\Sickr\OneDrive\Desktop\NCSU\ECE 306\Pro #
#                            ject 10\Debug\Obj\run_mode.r43"                   #
#                            "C:\Users\Sickr\OneDrive\Desktop\NCSU\ECE 306\Pro #
#                            ject 10\Debug\Obj\serial.r43"                     #
#                            "C:\Users\Sickr\OneDrive\Desktop\NCSU\ECE 306\Pro #
#                            ject 10\Debug\Obj\switches.r43"                   #
#                            "C:\Users\Sickr\OneDrive\Desktop\NCSU\ECE 306\Pro #
#                            ject 10\Debug\Obj\system.r43"                     #
#                            "C:\Users\Sickr\OneDrive\Desktop\NCSU\ECE 306\Pro #
#                            ject 10\Debug\Obj\timers.r43"                     #
#                            "C:\Users\Sickr\OneDrive\Desktop\NCSU\ECE 306\Pro #
#                            ject 10\Debug\Obj\wheels.r43"                     #
#                            -o                                                #
#                            "C:\Users\Sickr\OneDrive\Desktop\NCSU\ECE 306\Pro #
#                            ject 10\Debug\Exe\Project 10.d43"                 #
#                            -l                                                #
#                            "C:\Users\Sickr\OneDrive\Desktop\NCSU\ECE 306\Pro #
#                            ject 10\Debug\List\Project 10.map"                #
#                            -xesni                                            #
#                            "-IC:\Program Files (x86)\IAR Systems\Embedded Wo #
#                            rkbench 8.5\430\LIB\\"                            #
#                            -f                                                #
#                            "C:\Program Files (x86)\IAR Systems\Embedded Work #
#                            bench 8.5\430\config\linker\lnk430fr2355.xcl"     #
#                            (-cmsp430 -QCODE_I=CODE_ID -QTLS16_I=TLS16_ID     #
#                            -D__iar_HWMUL=4C0 -Z(CONST)INFO=1800-19FF         #
#                            -Z(DATA)TINYRAM=0006-001F                         #
#                            -Z(DATA)DATA16_I,DATA16_Z,DATA16_N,TLS16_I=2000-2 #
#                            FFF                                               #
#                            -Z(DATA)CODE_I                                    #
#                            -Z(DATA)DATA20_I,DATA20_Z,DATA20_N                #
#                            -Z(DATA)CSTACK+_STACK_SIZE#                       #
#                            -Z(CONST)FRWP_B1,DATA16_P,DATA20_P=8000-FF7F      #
#                            -Z(DATA)DATA16_HEAP+_DATA16_HEAP_SIZE,DATA20_HEAP #
#                            +_DATA20_HEAP_SIZE,FRWP_B2                        #
#                            -Z(CONST)DATA16_C,DATA16_ID,TLS16_ID,DIFUNCT,CHEC #
#                            KSUM=8000-FF7F                                    #
#                            -Z(CONST)DATA20_C,DATA20_ID                       #
#                            -Z(CODE)CSTART,ISR_CODE,CODE_ID=8000-FF7F         #
#                            -P(CODE)CODE,CODE16=8000-FF7F                     #
#                            -Z(CONST)BSLCONFIGURATIONSIGNATURE=FF88-FF89      #
#                            -Z(CONST)BSLCONFIGURATION=FF8A-FF8B               #
#                            -Z(CONST)BSLI2CADDRESS=FFA0-FFA1                  #
#                            -Z(CONST)JTAGSIGNATURE=FF80-FF83                  #
#                            -Z(CONST)BSLSIGNATURE=FF84-FF87                   #
#                            -Z(CODE)INTVEC=FFA2-FFFF                          #
#                            -Z(CODE)RESET=FFFE-FFFF) -f                       #
#                            "C:\Program Files (x86)\IAR Systems\Embedded Work #
#                            bench 8.5\430\config\linker\multiplier32.xcl"     #
#                            (-e?Mul8Hw=?Mul8 -e?Mul16Hw=?Mul16                #
#                            -e?Mul16to32uHw=?Mul16to32u                       #
#                            -e?Mul16to32sHw=?Mul16to32s -e?Mul32Hw32=?Mul32   #
#                            -e?Mul64Hw32=_Mul64i                              #
#                            -e?Mul32u32uto64iHw32=_Mul32u32uto64i             #
#                            -e?Mul32fHw32=_Mul32f                             #
#                            -e_Mul64fHw32Ptr=_Mul64fPtr) -D_STACK_SIZE=A0     #
#                            -rt                                               #
#                            "C:\Program Files (x86)\IAR Systems\Embedded Work #
#                            bench 8.5\430\lib\dlib\dl430xlsfn.r43"            #
#                            -e_PrintfLarge=_Printf -e_ScanfLarge=_Scanf       #
#                            -D_DATA16_HEAP_SIZE=A0 -s __program_start         #
#                            -D_DATA20_HEAP_SIZE=50)                           #
#                                                                              #
#                           Copyright (C) 1987-2019 IAR Systems AB.            #
################################################################################





                ****************************************
                *                                      *
                *           CROSS REFERENCE            *
                *                                      *
                ****************************************

       Program entry at :           81E2  Relocatable, from module : ?cstart




                ****************************************
                *                                      *
                *            RUNTIME MODEL             *
                *                                      *
                ****************************************

  __Heap_Handler             = Basic
  __SystemLibrary            = DLib
  __code_model               = large
  __core                     = 430X
  __data_model               = small
  __dlib_file_descriptor     = 0
  __dlib_full_locale_support = 0
  __double_size              = 32
  __pic                      = no
  __reg_r4                   = free
  __reg_r5                   = free
  __rt_version               = 3

                ****************************************
                *                                      *
                *    AUTOMATIC SYMBOL REDIRECTIONS     *
                *                                      *
                ****************************************

                  There are no automatic symbol redirections.

                ****************************************
                *                                      *
                *              ENTRY LIST              *
                *                                      *
                ****************************************

Module  Entry                              Address
------  -----                              -------
?FILLER_BYTES
?ABS_ENTRY_MOD
        _DATA20_HEAP_SIZE                   0050
        _DATA16_HEAP_SIZE                   00A0
        _STACK_SIZE                         00A0
        __iar_HWMUL                         04C0
clocks ( C:\Users\Sickr\OneDrive\Desktop\NCSU\ECE 306\Project 10\Debug\Obj\clocks.r43 )
        _A_CSCTL0_L                         0180
        _A_CSCTL1_L                         0182
        _A_CSCTL2_L                         0184
        _A_CSCTL3_L                         0186
        _A_CSCTL4_L                         0188
        _A_CSCTL5_L                         018A
        _A_CSCTL7_L                         018E
        _A_PM5CTL0_L                        0130
        _A_SFRIFG1_L                        0102
        _A_WDTCTL_L                         01CC
        Init_Clocks                         96D4
        Software_Trim                       90C8
        ?setjmp_save_r4                     NOT NEEDED
        ?setjmp_save_r5                     NOT NEEDED
        CSCTL0                              0180
        CSCTL0_H                            0181
        CSCTL0_L                            0180
        CSCTL1                              0182
        CSCTL1_H                            0183
        CSCTL1_L                            0182
        CSCTL2                              0184
        CSCTL2_H                            0185
        CSCTL2_L                            0184
        CSCTL3                              0186
        CSCTL3_H                            0187
        CSCTL3_L                            0186
        CSCTL4                              0188
        CSCTL4_H                            0189
        CSCTL4_L                            0188
        CSCTL5                              018A
        CSCTL5_H                            018B
        CSCTL5_L                            018A
        CSCTL7                              018E
        CSCTL7_H                            018F
        CSCTL7_L                            018E
        PM5CTL0                             0130
        PM5CTL0_H                           0131
        PM5CTL0_L                           0130
        SFRIFG1                             0102
        SFRIFG1_H                           0103
        SFRIFG1_L                           0102
        WDTCTL                              01CC
        WDTCTL_H                            01CD
        WDTCTL_L                            01CC
display ( C:\Users\Sickr\OneDrive\Desktop\NCSU\ECE 306\Project 10\Debug\Obj\display.r43 )
        _A_PAOUT_L                          0202
        Show_Display                        860A
        ?setjmp_save_r4                     NOT NEEDED
        ?setjmp_save_r5                     NOT NEEDED
        PAOUT                               0202
        PAOUT_H                             0203
        PAOUT_L                             0202
init ( C:\Users\Sickr\OneDrive\Desktop\NCSU\ECE 306\Project 10\Debug\Obj\init.r43 )
        _A_ADCCTL0_L                        0700
        _A_ADCCTL1_L                        0702
        _A_ADCCTL2_L                        0704
        _A_ADCMCTL0_L                       070A
        _A_ADCIE_L                          071A
        _A_PAOUT_L                          NOT NEEDED
        _A_PCOUT_L                          0242
        _A_UCA0CTLW0_L                      0500
        _A_UCA0BRW_L                        0506
        _A_UCA0MCTLW_L                      0508
        _A_UCA0TXBUF_L                      050E
        _A_UCA0IE_L                         051A
        _A_UCA1CTLW0_L                      0580
        _A_UCA1BRW_L                        0586
        _A_UCA1MCTLW_L                      0588
        _A_UCA1TXBUF_L                      058E
        _A_UCA1IE_L                         059A
        display_mode                        NOT NEEDED
        Init_Conditions                     9462
        Display_Process                     9C54
        Init_LEDs                           9E8E
        Init_Timers                         9E72
        Init_ADC                            95FA
        Init_Serial_UCA0                    98CE
        Init_Serial_UCA1                    986C
        Init_IoT                            9EA6
        ?setjmp_save_r4                     NOT NEEDED
        ?setjmp_save_r5                     NOT NEEDED
        ADCCTL0                             0700
        ADCCTL0_H                           0701
        ADCCTL0_L                           0700
        ADCCTL1                             0702
        ADCCTL1_H                           0703
        ADCCTL1_L                           0702
        ADCCTL2                             0704
        ADCCTL2_H                           0705
        ADCCTL2_L                           0704
        ADCMCTL0                            070A
        ADCMCTL0_H                          070B
        ADCMCTL0_L                          070A
        ADCIE                               071A
        ADCIE_H                             071B
        ADCIE_L                             071A
        PAOUT                               0202
        PAOUT_H                             0203
        PAOUT_L                             0202
        PCOUT                               0242
        PCOUT_H                             0243
        PCOUT_L                             0242
        UCA0CTLW0                           0500
        UCA0CTLW0_H                         0501
        UCA0CTLW0_L                         0500
        UCA0BRW                             0506
        UCA0BRW_H                           0507
        UCA0BRW_L                           0506
        UCA0MCTLW                           0508
        UCA0MCTLW_H                         0509
        UCA0MCTLW_L                         0508
        UCA0TXBUF                           050E
        UCA0TXBUF_H                         050F
        UCA0TXBUF_L                         050E
        UCA0IE                              051A
        UCA0IE_H                            051B
        UCA0IE_L                            051A
        UCA1CTLW0                           0580
        UCA1CTLW0_H                         0581
        UCA1CTLW0_L                         0580
        UCA1BRW                             0586
        UCA1BRW_H                           0587
        UCA1BRW_L                           0586
        UCA1MCTLW                           0588
        UCA1MCTLW_H                         0589
        UCA1MCTLW_L                         0588
        UCA1TXBUF                           058E
        UCA1TXBUF_H                         058F
        UCA1TXBUF_L                         058E
        UCA1IE                              059A
        UCA1IE_H                            059B
        UCA1IE_L                            059A
interrupts ( C:\Users\Sickr\OneDrive\Desktop\NCSU\ECE 306\Project 10\Debug\Obj\interrupts.r43 )
        _A_ADCCTL0_L                        NOT NEEDED
        _A_ADCMCTL0_L                       NOT NEEDED
        _A_ADCMEM0_L                        0712
        _A_ADCIV_L                          071E
        _A_UCA0RXBUF_L                      050C
        _A_UCA0TXBUF_L                      NOT NEEDED
        _A_UCA0IE_L                         NOT NEEDED
        _A_UCA0IV_L                         051E
        _A_UCA1RXBUF_L                      058C
        _A_UCA1TXBUF_L                      NOT NEEDED
        _A_UCA1IE_L                         NOT NEEDED
        _A_UCA1IV_L                         059E
        ADC_ISR                             820A
        eUSCI_A0_ISR                        8284
        eUSCI_A1_ISR                        82EC
        ADC_ISR::??INTVEC 58                FFDC
        eUSCI_A1_ISR::??INTVEC 64           FFE2
        eUSCI_A0_ISR::??INTVEC 66           FFE4
        ?setjmp_save_r4                     NOT NEEDED
        ?setjmp_save_r5                     NOT NEEDED
        ADCCTL0                             0700
        ADCCTL0_H                           0701
        ADCCTL0_L                           0700
        ADCMCTL0                            070A
        ADCMCTL0_H                          070B
        ADCMCTL0_L                          070A
        ADCMEM0                             0712
        ADCMEM0_H                           0713
        ADCMEM0_L                           0712
        ADCIV                               071E
        ADCIV_H                             071F
        ADCIV_L                             071E
        UCA0RXBUF                           050C
        UCA0RXBUF_H                         050D
        UCA0RXBUF_L                         050C
        UCA0TXBUF                           050E
        UCA0TXBUF_H                         050F
        UCA0TXBUF_L                         050E
        UCA0IE                              051A
        UCA0IE_H                            051B
        UCA0IE_L                            051A
        UCA0IV                              051E
        UCA0IV_H                            051F
        UCA0IV_L                            051E
        UCA1RXBUF                           058C
        UCA1RXBUF_H                         058D
        UCA1RXBUF_L                         058C
        UCA1TXBUF                           058E
        UCA1TXBUF_H                         058F
        UCA1TXBUF_L                         058E
        UCA1IE                              059A
        UCA1IE_H                            059B
        UCA1IE_L                            059A
        UCA1IV                              059E
        UCA1IV_H                            059F
        UCA1IV_L                            059E
LCD ( C:\Users\Sickr\OneDrive\Desktop\NCSU\ECE 306\Project 10\Compiled\LCD.r43 )
        _A_PAOUT_L                          NOT NEEDED
        _A_PBOUT_L                          0222
        _A_TB0CCTL2_L                       0386
        _A_TB0CCR2_L                        0396
        _A_UCB1CTLW0_L                      05C0
        _A_UCB1BRW_L                        05C6
        _A_UCB1RXBUF_L                      05CC
        _A_UCB1TXBUF_L                      05CE
        _A_UCB1IFG_L                        05EC
        current_character                   205E
        update_display_count                NOT NEEDED
        display_update_time                 NOT NEEDED
        update_display                      205F
        display_changed                     2060
        lcd_control                         NOT NEEDED
        display_line                        2061
        display                             200A
        posi_L1                             NOT NEEDED
        posi_L2                             NOT NEEDED
        posi_L3                             NOT NEEDED
        posi_L4                             NOT NEEDED
        lcd_orient                          NOT NEEDED
        char_count                          NOT NEEDED
        current_line                        NOT NEEDED
        LCD_test                            NOT NEEDED
        spi_chipselect_idle                 9E20
        spi_chipselect_active               9E9A
        spi_reset_idle                      9EB6
        spi_reset_active                    9EB0
        Display_Update                      99DC
        enable_display_update               9E64
        update_string                       NOT NEEDED
        Init_LCD                            93C6
        lcd_4line                           9E80
        lcd_BIG_mid                         9C76
        lcd_BIG_bot                         NOT NEEDED
        lcd_180                             NOT NEEDED
        lcd_out                             9C30
        lcd_puts                            NOT NEEDED
        WriteIns                            9BE0
        WriteData                           9C08
        CheckBusy                           NOT NEEDED
        ClrDisplay                          9D6A
        ClrDisplay_Buffer_0                 9DD2
        ClrDisplay_Buffer_1                 9DBE
        ClrDisplay_Buffer_2                 9D96
        ClrDisplay_Buffer_3                 9DE6
        SetPostion                          NOT NEEDED
        DisplayOnOff                        9DFA
        Init_SPI_B1                         9A62
        SPI_B1_write                        9C94
        ?setjmp_save_r4                     NOT NEEDED
        ?setjmp_save_r5                     NOT NEEDED
        PAOUT                               0202
        PAOUT_H                             0203
        PAOUT_L                             0202
        PBOUT                               0222
        PBOUT_H                             0223
        PBOUT_L                             0222
        TB0CCTL2                            0386
        TB0CCTL2_H                          0387
        TB0CCTL2_L                          0386
        TB0CCR2                             0396
        TB0CCR2_H                           0397
        TB0CCR2_L                           0396
        UCB1CTLW0                           05C0
        UCB1CTLW0_H                         05C1
        UCB1CTLW0_L                         05C0
        UCB1BRW                             05C6
        UCB1BRW_H                           05C7
        UCB1BRW_L                           05C6
        UCB1RXBUF                           05CC
        UCB1RXBUF_H                         05CD
        UCB1RXBUF_L                         05CC
        UCB1TXBUF                           05CE
        UCB1TXBUF_H                         05CF
        UCB1TXBUF_L                         05CE
        UCB1IFG                             05EC
        UCB1IFG_H                           05ED
        UCB1IFG_L                           05EC
main ( C:\Users\Sickr\OneDrive\Desktop\NCSU\ECE 306\Project 10\Debug\Obj\main.r43 )
        _A_PBOUT_L                          NOT NEEDED
        _A_PM5CTL0_L                        NOT NEEDED
        _A_UCA0TXBUF_L                      NOT NEEDED
        Time_Sequence                       2012
        Last_Time_Sequence                  NOT NEEDED
        time_change                         NOT NEEDED
        wait_timer                          2014
        wait_counter                        2016
        wheel_timer                         2018
        wheel_counter                       201A
        wheelsON                            201C
        found_timer                         201E
        found_counter                       2020
        follow_timer                        2022
        follow_counter                      2024
        seek_timer                          2026
        seek_counter                        2028
        align_timer                         202A
        align_counter                       202C
        startUp_timer                       202E
        startUp_counter                     2030
        exit_timer                          2032
        exit_counter                        2034
        setup_timer                         2036
        setup_counter                       2038
        start_timer                         203A
        total_time                          203C
        check_point                         2006
        runMode                             203E
        port3_operation                     2000
        ADC_On                              208D
        ADC_timer                           2040
        ADC_Thumb                           2042
        ADC_Left                            2044
        ADC_Right                           2046
        ADC_Channel                         2048
        offRight                            204A
        offLeft                             204C
        foundLine                           204E
        firstOff                            2007
        firstOn                             2008
        display_menu                        2050
        LCD_Menu                            2002
        LCD_Prev                            2004
        buff0Read                           208E
        buff1Read                           20BE
        buff0Proc                           20EE
        buff1Proc                           211E
        buff0Out                            214E
        buff1Out                            217E
        msg                                 21AE
        buffMsg                             NOT NEEDED
        exCommand                           21DE
        moreCommand                         21DF
        ring0Read                           21E0
        ring0Write                          21E1
        ring1Read                           21E2
        ring1Write                          21E3
        proc0Read                           21E4
        proc1Read                           21E5
        proc0Write                          21E6
        proc1Write                          21E7
        txPassThrough                       21E8
        inCommand                           21E9
        getIP                               21EA
        startIP                             21EB
        buffIP                              21EC
        buffIPWrite                         21FC
        IP1                                 21FD
        IP2                                 2207
        main                                8B92
        ?setjmp_save_r4                     NOT NEEDED
        ?setjmp_save_r5                     NOT NEEDED
        PBOUT                               0222
        PBOUT_H                             0223
        PBOUT_L                             0222
        PM5CTL0                             0130
        PM5CTL0_H                           0131
        PM5CTL0_L                           0130
        UCA0TXBUF                           050E
        UCA0TXBUF_H                         050F
        UCA0TXBUF_L                         050E
ports ( C:\Users\Sickr\OneDrive\Desktop\NCSU\ECE 306\Project 10\Debug\Obj\ports.r43 )
        _A_PAOUT_L                          NOT NEEDED
        _A_PADIR_L                          0204
        _A_PAREN_L                          0206
        _A_PASEL0_L                         020A
        _A_PASEL1_L                         020C
        _A_PASELC_L                         0216
        _A_PAIES_L                          0218
        _A_PAIE_L                           021A
        _A_PAIFG_L                          021C
        _A_PBOUT_L                          NOT NEEDED
        _A_PBDIR_L                          0224
        _A_PBREN_L                          0226
        _A_PBSEL0_L                         022A
        _A_PBSEL1_L                         022C
        _A_PBIES_L                          0238
        _A_PBIE_L                           023A
        _A_PBIFG_L                          023C
        _A_PCOUT_L                          NOT NEEDED
        _A_PCDIR_L                          0244
        _A_PCSEL0_L                         024A
        _A_PCSEL1_L                         024C
        _A_PCSELC_L                         0256
        Init_Ports                          9ADE
        Init_Port1                          9992
        Init_Port2                          9324
        Init_Port3                          9264
        Init_Port4                          94FA
        Init_Port5                          9B7E
        Init_Port6                          980A
        ?setjmp_save_r4                     NOT NEEDED
        ?setjmp_save_r5                     NOT NEEDED
        PAOUT                               0202
        PAOUT_H                             0203
        PAOUT_L                             0202
        PADIR                               0204
        PADIR_H                             0205
        PADIR_L                             0204
        PAREN                               0206
        PAREN_H                             0207
        PAREN_L                             0206
        PASEL0                              020A
        PASEL0_H                            020B
        PASEL0_L                            020A
        PASEL1                              020C
        PASEL1_H                            020D
        PASEL1_L                            020C
        PASELC                              0216
        PASELC_H                            0217
        PASELC_L                            0216
        PAIES                               0218
        PAIES_H                             0219
        PAIES_L                             0218
        PAIE                                021A
        PAIE_H                              021B
        PAIE_L                              021A
        PAIFG                               021C
        PAIFG_H                             021D
        PAIFG_L                             021C
        PBOUT                               0222
        PBOUT_H                             0223
        PBOUT_L                             0222
        PBDIR                               0224
        PBDIR_H                             0225
        PBDIR_L                             0224
        PBREN                               0226
        PBREN_H                             0227
        PBREN_L                             0226
        PBSEL0                              022A
        PBSEL0_H                            022B
        PBSEL0_L                            022A
        PBSEL1                              022C
        PBSEL1_H                            022D
        PBSEL1_L                            022C
        PBIES                               0238
        PBIES_H                             0239
        PBIES_L                             0238
        PBIE                                023A
        PBIE_H                              023B
        PBIE_L                              023A
        PBIFG                               023C
        PBIFG_H                             023D
        PBIFG_L                             023C
        PCOUT                               0242
        PCOUT_H                             0243
        PCOUT_L                             0242
        PCDIR                               0244
        PCDIR_H                             0245
        PCDIR_L                             0244
        PCSEL0                              024A
        PCSEL0_H                            024B
        PCSEL0_L                            024A
        PCSEL1                              024C
        PCSEL1_H                            024D
        PCSEL1_L                            024C
        PCSELC                              0256
        PCSELC_H                            0257
        PCSELC_L                            0256
run_mode ( C:\Users\Sickr\OneDrive\Desktop\NCSU\ECE 306\Project 10\Debug\Obj\run_mode.r43 )
        _A_ADCCTL0_L                        NOT NEEDED
        _A_PAOUT_L                          NOT NEEDED
        onWhite                             2211
        SetUp_Seek                          97A4
        Seek_Line                           91A2
        Align_Line                          9B18
        Follow_Line                         9668
        Exit_Circle                         973C
        Stop_Course                         9CCA
        Manual_Nav                          8D68
        Check_ADC                           957C
        ?setjmp_save_r4                     NOT NEEDED
        ?setjmp_save_r5                     NOT NEEDED
        ADCCTL0                             0700
        ADCCTL0_H                           0701
        ADCCTL0_L                           0700
        PAOUT                               0202
        PAOUT_H                             0203
        PAOUT_L                             0202
serial ( C:\Users\Sickr\OneDrive\Desktop\NCSU\ECE 306\Project 10\Debug\Obj\serial.r43 )
        _A_ADCCTL0_L                        NOT NEEDED
        _A_PAOUT_L                          NOT NEEDED
        _A_PBOUT_L                          NOT NEEDED
        _A_UCA1IE_L                         NOT NEEDED
        Process_UART0_Command               8FE2
        Process_UART1_Command               9930
        Parse_IP                            8EBC
        ?setjmp_save_r4                     NOT NEEDED
        ?setjmp_save_r5                     NOT NEEDED
        ADCCTL0                             0700
        ADCCTL0_H                           0701
        ADCCTL0_L                           0700
        PAOUT                               0202
        PAOUT_H                             0203
        PAOUT_L                             0202
        PBOUT                               0222
        PBOUT_H                             0223
        PBOUT_L                             0222
        UCA1IE                              059A
        UCA1IE_H                            059B
        UCA1IE_L                            059A
switches ( C:\Users\Sickr\OneDrive\Desktop\NCSU\ECE 306\Project 10\Debug\Obj\switches.r43 )
        _A_PAIE_L                           NOT NEEDED
        _A_PAIFG_L                          NOT NEEDED
        _A_PBIE_L                           NOT NEEDED
        _A_PBIFG_L                          NOT NEEDED
        sw1_DB_time                         2052
        sw2_DB_time                         2054
        sw1_in_DB                           2056
        sw2_in_DB                           2058
        sw1_position                        205A
        sw2_position                        205C
        switchP4_interrupt                  835A
        switchP2_interrupt                  8386
        switchP4_interrupt::??INTVEC 44     FFCE
        switchP2_interrupt::??INTVEC 48     FFD2
        ?setjmp_save_r4                     NOT NEEDED
        ?setjmp_save_r5                     NOT NEEDED
        PAIE                                021A
        PAIE_H                              021B
        PAIE_L                              021A
        PAIFG                               021C
        PAIFG_H                             021D
        PAIFG_L                             021C
        PBIE                                023A
        PBIE_H                              023B
        PBIE_L                              023A
        PBIFG                               023C
        PBIFG_H                             023D
        PBIFG_L                             023C
system ( C:\Users\Sickr\OneDrive\Desktop\NCSU\ECE 306\Project 10\Debug\Obj\system.r43 )
        enable_interrupts                   9EBC
        ?setjmp_save_r4                     NOT NEEDED
        ?setjmp_save_r5                     NOT NEEDED
timers ( C:\Users\Sickr\OneDrive\Desktop\NCSU\ECE 306\Project 10\Debug\Obj\timers.r43 )
        _A_ADCCTL0_L                        NOT NEEDED
        _A_PAIE_L                           NOT NEEDED
        _A_PAIFG_L                          NOT NEEDED
        _A_PBIE_L                           NOT NEEDED
        _A_PBIFG_L                          NOT NEEDED
        _A_TB0CTL_L                         0380
        _A_TB0CCTL0_L                       0382
        _A_TB0CCTL1_L                       0384
        _A_TB0CCR0_L                        0392
        _A_TB0CCR1_L                        0394
        _A_TB0CCR2_L                        NOT NEEDED
        _A_TB0EX0_L                         03A0
        _A_TB0IV_L                          03AE
        _A_TB1CTL_L                         03C0
        _A_TB1CCTL0_L                       03C2
        _A_TB1CCR0_L                        03D2
        _A_TB1EX0_L                         03E0
        _A_TB3CTL_L                         0440
        _A_TB3CCTL1_L                       0444
        _A_TB3CCTL2_L                       0446
        _A_TB3CCTL3_L                       0448
        _A_TB3CCTL4_L                       044A
        _A_TB3CCR0_L                        0452
        _A_TB3CCR1_L                        0454
        _A_TB3CCR2_L                        0456
        _A_TB3CCR3_L                        0458
        _A_TB3CCR4_L                        045A
        _A_UCA0IE_L                         NOT NEEDED
        Init_Timer_B3                       9A22
        Init_Timer_B1                       9B4C
        Init_Timer_B0                       9AA0
        Timer1_B0_ISR                       83B0
        Timer0_B0_ISR                       84A2
        TIMER0_B1_ISR                       84EC
        Timer1_B0_ISR::??INTVEC 82          FFF4
        TIMER0_B1_ISR::??INTVEC 84          FFF6
        Timer0_B0_ISR::??INTVEC 86          FFF8
        ?setjmp_save_r4                     NOT NEEDED
        ?setjmp_save_r5                     NOT NEEDED
        ADCCTL0                             0700
        ADCCTL0_H                           0701
        ADCCTL0_L                           0700
        PAIE                                021A
        PAIE_H                              021B
        PAIE_L                              021A
        PAIFG                               021C
        PAIFG_H                             021D
        PAIFG_L                             021C
        PBIE                                023A
        PBIE_H                              023B
        PBIE_L                              023A
        PBIFG                               023C
        PBIFG_H                             023D
        PBIFG_L                             023C
        TB0CTL                              0380
        TB0CTL_H                            0381
        TB0CTL_L                            0380
        TB0CCTL0                            0382
        TB0CCTL0_H                          0383
        TB0CCTL0_L                          0382
        TB0CCTL1                            0384
        TB0CCTL1_H                          0385
        TB0CCTL1_L                          0384
        TB0CCR0                             0392
        TB0CCR0_H                           0393
        TB0CCR0_L                           0392
        TB0CCR1                             0394
        TB0CCR1_H                           0395
        TB0CCR1_L                           0394
        TB0CCR2                             0396
        TB0CCR2_H                           0397
        TB0CCR2_L                           0396
        TB0EX0                              03A0
        TB0EX0_H                            03A1
        TB0EX0_L                            03A0
        TB0IV                               03AE
        TB0IV_H                             03AF
        TB0IV_L                             03AE
        TB1CTL                              03C0
        TB1CTL_H                            03C1
        TB1CTL_L                            03C0
        TB1CCTL0                            03C2
        TB1CCTL0_H                          03C3
        TB1CCTL0_L                          03C2
        TB1CCR0                             03D2
        TB1CCR0_H                           03D3
        TB1CCR0_L                           03D2
        TB1EX0                              03E0
        TB1EX0_H                            03E1
        TB1EX0_L                            03E0
        TB3CTL                              0440
        TB3CTL_H                            0441
        TB3CTL_L                            0440
        TB3CCTL1                            0444
        TB3CCTL1_H                          0445
        TB3CCTL1_L                          0444
        TB3CCTL2                            0446
        TB3CCTL2_H                          0447
        TB3CCTL2_L                          0446
        TB3CCTL3                            0448
        TB3CCTL3_H                          0449
        TB3CCTL3_L                          0448
        TB3CCTL4                            044A
        TB3CCTL4_H                          044B
        TB3CCTL4_L                          044A
        TB3CCR0                             0452
        TB3CCR0_H                           0453
        TB3CCR0_L                           0452
        TB3CCR1                             0454
        TB3CCR1_H                           0455
        TB3CCR1_L                           0454
        TB3CCR2                             0456
        TB3CCR2_H                           0457
        TB3CCR2_L                           0456
        TB3CCR3                             0458
        TB3CCR3_H                           0459
        TB3CCR3_L                           0458
        TB3CCR4                             045A
        TB3CCR4_H                           045B
        TB3CCR4_L                           045A
        UCA0IE                              051A
        UCA0IE_H                            051B
        UCA0IE_L                            051A
wheels ( C:\Users\Sickr\OneDrive\Desktop\NCSU\ECE 306\Project 10\Debug\Obj\wheels.r43 )
        _A_TB3CCR1_L                        NOT NEEDED
        _A_TB3CCR2_L                        NOT NEEDED
        _A_TB3CCR3_L                        NOT NEEDED
        _A_TB3CCR4_L                        NOT NEEDED
        Run_Forward                         9D54
        Run_Reverse                         9D3E
        Zero_Point_Right                    9D12
        Zero_Point_Left                     9D28
        Forward_Turn                        9D80
        Reverse_Turn                        NOT NEEDED
        Wheels_Off                          9CB0
        Check_Wheels                        9BB0
        ?setjmp_save_r4                     NOT NEEDED
        ?setjmp_save_r5                     NOT NEEDED
        TB3CCR1                             0454
        TB3CCR1_H                           0455
        TB3CCR1_L                           0454
        TB3CCR2                             0456
        TB3CCR2_H                           0457
        TB3CCR2_L                           0456
        TB3CCR3                             0458
        TB3CCR3_H                           0459
        TB3CCR3_L                           0458
        TB3CCR4                             045A
        TB3CCR4_H                           045B
        TB3CCR4_L                           045A
?abort ( C:\Program Files (x86)\IAR Systems\Embedded Workbench 8.5\430\lib\dlib\dl430xlsfn.r43 )
        abort                               NOT NEEDED
?__dbg_break ( C:\Program Files (x86)\IAR Systems\Embedded Workbench 8.5\430\lib\dlib\dl430xlsfn.r43 )
        __DebugBreak                        9ECE
?__dwrite ( C:\Program Files (x86)\IAR Systems\Embedded Workbench 8.5\430\lib\dlib\dl430xlsfn.r43 )
        __dwrite                            NOT NEEDED
?__exit ( C:\Program Files (x86)\IAR Systems\Embedded Workbench 8.5\430\lib\dlib\dl430xlsfn.r43 )
        __exit                              9DAA
?__write ( C:\Program Files (x86)\IAR Systems\Embedded Workbench 8.5\430\lib\dlib\dl430xlsfn.r43 )
        __write                             NOT NEEDED
?_exit ( C:\Program Files (x86)\IAR Systems\Embedded Workbench 8.5\430\lib\dlib\dl430xlsfn.r43 )
        _exit                               9EC2
        __cstart_call_dtors                 NOT NEEDED
        __cstart_closeall                   NOT NEEDED
        __cstart_clearlocks                 NOT NEEDED
?cppinit ( C:\Program Files (x86)\IAR Systems\Embedded Workbench 8.5\430\lib\dlib\dl430xlsfn.r43 )
        __call_ctors                        NOT NEEDED
        __alloc_record_needed_destruction   NOT NEEDED
        __record_needed_destruction         NOT NEEDED
        __call_dtors                        NOT NEEDED
        __data16_vec_cctor                  NOT NEEDED
?cstart ( C:\Program Files (x86)\IAR Systems\Embedded Workbench 8.5\430\lib\dlib\dl430xlsfn.r43 )
        __program_start                     81E2
        ?cstart_begin                       81E2
        ?cstart_call_mpu_init               NOT NEEDED
        ?cstart_call_frwp_init              NOT NEEDED
        ?cstart_call_low_level_init         NOT NEEDED
        ?cstart_init_copy_ramfunc           NOT NEEDED
        ?cstart_init_zero                   81E6
        ?cstart_init_copy                   81F2
        ?cstart_init_zero20                 NOT NEEDED
        ?cstart_init_copy20                 NOT NEEDED
        __cstart_init_tls                   NOT NEEDED
        ?cstart_call_ctors                  NOT NEEDED
        ?cstart_call_main                   8202
        ?cstart_end                         820A
lowinit ( C:\Program Files (x86)\IAR Systems\Embedded Workbench 8.5\430\lib\dlib\dl430xlsfn.r43 )
        __low_level_init                    NOT NEEDED
?reset_vector ( C:\Program Files (x86)\IAR Systems\Embedded Workbench 8.5\430\lib\dlib\dl430xlsfn.r43 )
        ?reset_vector                       FFFE
?exit ( C:\Program Files (x86)\IAR Systems\Embedded Workbench 8.5\430\lib\dlib\dl430xlsfn.r43 )
        exit                                9EC6
?FrwpInit ( C:\Program Files (x86)\IAR Systems\Embedded Workbench 8.5\430\lib\dlib\dl430xlsfn.r43 )
        __iar_430_frwp_init                 NOT NEEDED
?malloc ( C:\Program Files (x86)\IAR Systems\Embedded Workbench 8.5\430\lib\dlib\dl430xlsfn.r43 )
        malloc                              NOT NEEDED
?DivMod816u ( C:\Program Files (x86)\IAR Systems\Embedded Workbench 8.5\430\lib\dlib\dl430xlsfn.r43 )
        ?DivMod8u                           NOT NEEDED
        ?DivMod16u                          9CE2
?memcpy ( C:\Program Files (x86)\IAR Systems\Embedded Workbench 8.5\430\lib\dlib\dl430xlsfn.r43 )
        memcpy                              9E32
?memmove ( C:\Program Files (x86)\IAR Systems\Embedded Workbench 8.5\430\lib\dlib\dl430xlsfn.r43 )
        memmove                             NOT NEEDED
?memzero ( C:\Program Files (x86)\IAR Systems\Embedded Workbench 8.5\430\lib\dlib\dl430xlsfn.r43 )
        __data16_memzero                    9E54
        __data16_memcpy                     9ECA
        __data16_memmove                    NOT NEEDED
?MpuInit ( C:\Program Files (x86)\IAR Systems\Embedded Workbench 8.5\430\lib\dlib\dl430xlsfn.r43 )
        __iar_430_mpu_init                  NOT NEEDED
        ?mpu1_4k_init                       NOT NEEDED
        ?mpu1_8k_init                       NOT NEEDED
        ?mpu1_16k_init                      NOT NEEDED
        ?mpu2_init                          NOT NEEDED
?setjmp ( C:\Program Files (x86)\IAR Systems\Embedded Workbench 8.5\430\lib\dlib\dl430xlsfn.r43 )
        setjmp                              NOT NEEDED
        ?setjmp_r5                          NOT NEEDED
        ?setjmp_r4                          NOT NEEDED
        ?setjmp_end                         NOT NEEDED
?longjmp ( C:\Program Files (x86)\IAR Systems\Embedded Workbench 8.5\430\lib\dlib\dl430xlsfn.r43 )
        longjmp                             NOT NEEDED
        ?longjmp_r5                         NOT NEEDED
        ?longjmp_r4                         NOT NEEDED
        ?longjmp_end                        NOT NEEDED
?IndCallR11 ( C:\Program Files (x86)\IAR Systems\Embedded Workbench 8.5\430\lib\dlib\dl430xlsfn.r43 )
        ?IndCallR11                         NOT NEEDED
?IndCallR15 ( C:\Program Files (x86)\IAR Systems\Embedded Workbench 8.5\430\lib\dlib\dl430xlsfn.r43 )
        ?IndCallR15                         NOT NEEDED
?strcat ( C:\Program Files (x86)\IAR Systems\Embedded Workbench 8.5\430\lib\dlib\dl430xlsfn.r43 )
        strcat                              9CFA
?strcpy ( C:\Program Files (x86)\IAR Systems\Embedded Workbench 8.5\430\lib\dlib\dl430xlsfn.r43 )
        strcpy                              9E44
?strlen ( C:\Program Files (x86)\IAR Systems\Embedded Workbench 8.5\430\lib\dlib\dl430xlsfn.r43 )
        strlen                              9E0E
?xcloseall ( C:\Program Files (x86)\IAR Systems\Embedded Workbench 8.5\430\lib\dlib\dl430xlsfn.r43 )
        _Close_all                          NOT NEEDED
?xgetmemchunk ( C:\Program Files (x86)\IAR Systems\Embedded Workbench 8.5\430\lib\dlib\dl430xlsfn.r43 )
        __data16_GetMemChunk                NOT NEEDED
?xxmemxfree ( C:\Program Files (x86)\IAR Systems\Embedded Workbench 8.5\430\lib\dlib\dl430xlsfn.r43 )
        __data16_free                       NOT NEEDED
?xxmemxmalloc ( C:\Program Files (x86)\IAR Systems\Embedded Workbench 8.5\430\lib\dlib\dl430xlsfn.r43 )
        __data16_Aldata                     NOT NEEDED
        __data16_malloc                     NOT NEEDED
        __data16_findmem                     LOCAL, NOT NEEDED


                ****************************************
                *                                      *
                *            MODULE SUMMARY            *
                *                                      *
                ****************************************

Module               CODE      DATA      CONST
------               ----      ----      -----
                    (Rel)  (Rel)  (Abs)  (Rel)
?DivMod816u            24
?__dbg_break            2
?__exit                20
?_exit                  4
?cstart                40
?exit                   4
?memcpy                18
?memzero               20
?reset_vector           2
?strcat                24
?strcpy                16
?strlen                18
LCD                   654     55     12
  + shared                            4
clocks                322            18
  + shared                            2
display             1 416                  370
  + shared                            2
init                  528            18
  + shared                           14
interrupts            336            12
  + common             68
main                  470    461             9
ports                 764            30
  + shared                            8
run_mode            1 050      1
serial                622                   39
switches               86     12
  + common             50
system                  6
timers                778            34     63
  + shared             88             8
  + common
wheels                184
N/A (command line)           160
N/A (alignment)
----------          -----    ---    ---    ---
Total:              7 408    689    162    481
  + common             88


                ****************************************
                *                                      *
                *      SEGMENTS IN ADDRESS ORDER       *
                *                                      *
                ****************************************


SEGMENT              SPACE    START ADDRESS   END ADDRESS     SIZE  TYPE  ALIGN
=======              =====    =============   ===========     ====  ====  =====
DATA16_AN                              0102 - 0103               2   rel    0
                                       0130 - 0131               2 
                                       0180 - 018B               C 
                                       018E - 018F               2 
                                       01CC - 01CD               2 
                                       0202 - 0207               6 
                                       020A - 020D               4 
                                       0216 - 021D               8 
                                       0222 - 0227               6 
                                       022A - 022D               4 
                                       0238 - 023D               6 
                                       0242 - 0245               4 
                                       024A - 024D               4 
                                       0256 - 0257               2 
                                       0380 - 0387               8 
                                       0392 - 0397               6 
                                       03A0 - 03A1               2 
                                       03AE - 03AF               2 
                                       03C0 - 03C3               4 
                                       03D2 - 03D3               2 
                                       03E0 - 03E1               2 
                                       0440 - 0441               2 
                                       0444 - 044B               8 
                                       0452 - 045B               A 
                                       0500 - 0501               2 
                                       0506 - 0509               4 
                                       050C - 050F               4 
                                       051A - 051B               2 
                                       051E - 051F               2 
                                       0580 - 0581               2 
                                       0586 - 0589               4 
                                       058C - 058F               4 
                                       059A - 059B               2 
                                       059E - 059F               2 
                                       05C0 - 05C1               2 
                                       05C6 - 05C7               2 
                                       05CC - 05CF               4 
                                       05EC - 05ED               2 
                                       0700 - 0705               6 
                                       070A - 070B               2 
                                       0712 - 0713               2 
                                       071A - 071B               2 
                                       071E - 071F               2 
DATA16_I                               2000 - 2008               9   rel    1
DATA16_Z                               200A - 2211             208   rel    1
DATA20_I                                  2212                       rel    1
DATA20_Z                                  2212                       rel    1
DATA20_N                                  2212                       rel    1
CODE_I                                    2212                       rel    1
CSTACK                                 2F60 - 2FFF              A0   rel    1
DATA16_C                               8000 - 81D7             1D8   rel    0
DATA16_ID                              81D8 - 81E0               9   rel    1
DATA20_ID                                 81E2                       rel    1
DATA20_C                                  81E2                       rel    1
CSTART                                 81E2 - 8209              28   rel    1
ISR_CODE                               820A - 8609             400   rel    1
CODE_ID                                   860A                       rel    1
<CODE> 1                               860A - 9ECF            18C6   rel    1
INTVEC                                 FFA2 - FFF9              58   com    1
RESET                                  FFFE - FFFF               2   rel    1

                ****************************************
                *                                      *
                *        END OF CROSS REFERENCE        *
                *                                      *
                ****************************************

 7 496 bytes of CODE  memory
   689 bytes of DATA  memory (+ 162 absolute )
   481 bytes of CONST memory

Errors: none
Warnings: none

